[demo.themeregion.com/carrito/index.html]
[backblue.gif]
[fade.gif]
[index.html]
[demo.themeregion.com/carrito/css/bootstrap.min.css]
[demo.themeregion.com/carrito/css/font-awesome.min.css]
[demo.themeregion.com/carrito/css/animate.css]
[demo.themeregion.com/carrito/css/fonts.css]
[demo.themeregion.com/carrito/css/slick.css]
[demo.themeregion.com/carrito/css/main.css]
[demo.themeregion.com/carrito/css/responsive.css]
[demo.themeregion.com/carrito/images/ico/favicon.ico]
[demo.themeregion.com/carrito/images/ico/apple-touch-icon-144-precomposed.png]
[demo.themeregion.com/carrito/images/ico/apple-touch-icon-114-precomposed.png]
[demo.themeregion.com/carrito/images/ico/apple-touch-icon-72-precomposed.png]
[demo.themeregion.com/carrito/images/ico/apple-touch-icon-57-precomposed.png]
[demo.themeregion.com/carrito/images/others/flag.png]
[demo.themeregion.com/carrito/images/logo.png]
[demo.themeregion.com/carrito/images/logo-white.png]
[demo.themeregion.com/carrito/images/others/user.png]
[demo.themeregion.com/carrito/details.html]
[demo.themeregion.com/carrito/images/product/man1.png]
[demo.themeregion.com/carrito/images/product/man2.png]
[demo.themeregion.com/carrito/shopping-cart.html]
[demo.themeregion.com/carrito/index1.html]
[demo.themeregion.com/carrito/index2.html]
[demo.themeregion.com/carrito/listing.html]
[demo.themeregion.com/carrito/blog.html]
[demo.themeregion.com/carrito/blog-details.html]
[demo.themeregion.com/carrito/delivery.html]
[demo.themeregion.com/carrito/payment.html]
[demo.themeregion.com/carrito/congrats.html]
[demo.themeregion.com/carrito/images/others/banner-img.png]
[demo.themeregion.com/carrito/images/others/category1.png]
[demo.themeregion.com/carrito/images/product/1.jpg]
[demo.themeregion.com/carrito/images/product/2.jpg]
[demo.themeregion.com/carrito/images/product/man3.png]
[demo.themeregion.com/carrito/images/others/category2.png]
[demo.themeregion.com/carrito/images/product/womens1.png]
[demo.themeregion.com/carrito/images/product/womens2.png]
[demo.themeregion.com/carrito/images/product/womens3.png]
[demo.themeregion.com/carrito/images/others/cta-img.jpg]
[demo.themeregion.com/carrito/images/others/category3.png]
[demo.themeregion.com/carrito/images/product/3.jpg]
[demo.themeregion.com/carrito/images/product/electronics1.png]
[demo.themeregion.com/carrito/images/product/electronics2.png]
[demo.themeregion.com/carrito/images/product/electronics3.png]
[demo.themeregion.com/carrito/images/others/category4.png]
[demo.themeregion.com/carrito/images/product/4.jpg]
[demo.themeregion.com/carrito/images/product/home1.png]
[demo.themeregion.com/carrito/images/product/home2.png]
[demo.themeregion.com/carrito/images/product/home3.png]
[demo.themeregion.com/carrito/images/product/product1.png]
[demo.themeregion.com/carrito/images/product/product2.png]
[demo.themeregion.com/carrito/images/product/product3.png]
[demo.themeregion.com/carrito/images/product/product4.png]
[demo.themeregion.com/carrito/images/brands/1.png]
[demo.themeregion.com/carrito/images/brands/2.png]
[demo.themeregion.com/carrito/images/brands/3.png]
[demo.themeregion.com/carrito/images/brands/4.png]
[demo.themeregion.com/carrito/images/others/icon1.png]
[demo.themeregion.com/carrito/images/others/icon2.png]
[demo.themeregion.com/carrito/images/others/icon3.png]
[demo.themeregion.com/carrito/images/others/icon4.png]
[demo.themeregion.com/carrito/images/others/card1.png]
[demo.themeregion.com/carrito/images/others/card2.png]
[demo.themeregion.com/carrito/images/others/card3.png]
[demo.themeregion.com/carrito/images/others/card4.png]
[demo.themeregion.com/carrito/images/others/card5.png]
[demo.themeregion.com/carrito/images/others/card6.png]
[demo.themeregion.com/carrito/images/footer-logo.png]
[demo.themeregion.com/cdn-cgi/scripts/5c5dd728/cloudflare-static/email-decode.min.js]
[demo.themeregion.com/carrito/js/jquery.min.js]
[demo.themeregion.com/carrito/js/popper.min.js]
[demo.themeregion.com/carrito/js/bootstrap.min.js]
[demo.themeregion.com/carrito/js/slick.min.js]
[demo.themeregion.com/carrito/js/jquery-ui-min.js]
[demo.themeregion.com/carrito/js/jquery.spinner.min.js]
[demo.themeregion.com/carrito/js/main.js]
[www.google-analytics.com/analytics.js]
[demo.themeregion.com/carrito/index.html]
[demo.themeregion.com/carrito/css/bootstrap.min.css]
[ajax.cloudflare.com/cdn-cgi/scripts/7d0fa10a/cloudflare-static/rocket-loader.min.js]
[demo.themeregion.com/carrito/fonts/fontawesome-webfont3e6e.eot]
[demo.themeregion.com/carrito/fonts/fontawesome-webfontd41d.eot]
[demo.themeregion.com/carrito/fonts/fontawesome-webfont3e6e.woff2]
[demo.themeregion.com/carrito/fonts/fontawesome-webfont3e6e.woff]
[demo.themeregion.com/carrito/fonts/fontawesome-webfont3e6e.ttf]
[demo.themeregion.com/carrito/css/font-awesome.min.css]
[demo.themeregion.com/carrito/css/animate.css]
[demo.themeregion.com/carrito/fonts/fontawesome-webfont3e6e.svg]
[demo.themeregion.com/carrito/fonts/teriz.eot]
[demo.themeregion.com/carrito/fonts/terizd41d.eot]
[demo.themeregion.com/carrito/fonts/teriz.woff]
[demo.themeregion.com/carrito/fonts/teriz.ttf]
[demo.themeregion.com/carrito/css/fonts.css]
[demo.themeregion.com/carrito/css/slick.css]
[demo.themeregion.com/carrito/fonts/teriz.svg]
[demo.themeregion.com/carrito/images/bg/breadcrumb-bg.jpg]
[demo.themeregion.com/carrito/images/bg/banner-bg.jpg]
[demo.themeregion.com/carrito/images/others/promotion-left-bg.jpg]
[demo.themeregion.com/carrito/images/others/promotion-right-bg.jpg]
[demo.themeregion.com/carrito/images/bg/cta-2-bg.png]
[demo.themeregion.com/carrito/images/others/submit1.png]
[demo.themeregion.com/carrito/images/others/submit.png]
[demo.themeregion.com/carrito/images/others/submit-hover.png]
[demo.themeregion.com/carrito/images/others/dots.png]
[demo.themeregion.com/carrito/images/bg/banner-bg1.jpg]
[demo.themeregion.com/carrito/css/main.css]
[demo.themeregion.com/carrito/css/responsive.css]
[demo.themeregion.com/carrito/images/ico/apple-touch-icon-72-precomposed.html]
[demo.themeregion.com/carrito/images/product/slider1.png]
[demo.themeregion.com/carrito/images/others/1.png]
[demo.themeregion.com/carrito/images/others/delivery-icon.png]
[demo.themeregion.com/carrito/details.html]
[demo.themeregion.com/carrito/shopping-cart.html]
[demo.themeregion.com/carrito/index1.html]
[demo.themeregion.com/carrito/images/bg/banner-bg2.jpg]
[demo.themeregion.com/carrito/images/others/banner-img1.png]
[demo.themeregion.com/carrito/index2.html]
[demo.themeregion.com/carrito/listing.html]
[demo.themeregion.com/carrito/css/structure.css]
[demo.themeregion.com/carrito/images/blog/1.jpg]
[demo.themeregion.com/carrito/images/blog/widget1.jpg]
[demo.themeregion.com/carrito/images/blog/1.png]
[demo.themeregion.com/carrito/images/blog/2.png]
[demo.themeregion.com/carrito/images/blog/3.png]
[demo.themeregion.com/carrito/images/blog/4.png]
[demo.themeregion.com/carrito/blog.html]
[demo.themeregion.com/carrito/images/blog/details1.jpg]
[demo.themeregion.com/carrito/images/blog/inner-image1.jpg]
[demo.themeregion.com/carrito/images/blog/inner-image2.jpg]
[demo.themeregion.com/carrito/images/blog/inner-image3.jpg]
[demo.themeregion.com/carrito/images/blog/author1.png]
[demo.themeregion.com/carrito/images/others/author1.png]
[demo.themeregion.com/carrito/images/others/author2.png]
[demo.themeregion.com/carrito/images/others/author4.png]
[demo.themeregion.com/carrito/images/blog/author2.png]
[demo.themeregion.com/carrito/blog-details.html]
[demo.themeregion.com/carrito/delivery.html]
[demo.themeregion.com/carrito/images/others/paypal-logo.png]
[demo.themeregion.com/carrito/images/others/visa-logo.png]
[demo.themeregion.com/carrito/images/others/mastercard-logo.png]
[demo.themeregion.com/carrito/payment.html]
[demo.themeregion.com/carrito/congrats.html]
[demo.themeregion.com/carrito/js/jquery.min.js]
[demo.themeregion.com/carrito/js/popper.min.js]
[demo.themeregion.com/carrito/popper.js]
[demo.themeregion.com/carrito/js/bootstrap.min.js]
[demo.themeregion.com/carrito/js/slick.min.js]
[demo.themeregion.com/carrito/js/jquery-ui-min.js]
[demo.themeregion.com/carrito/js/jquery.spinner.min.js]
[demo.themeregion.com/carrito/js/main.js]
[demo.themeregion.com/carrito/fonts/fontawesome-webfont3e6e.svg]
[demo.themeregion.com/carrito/fonts/teriz.svg]
[demo.themeregion.com/carrito/css/structure.css]
[demo.themeregion.com/carrito/popper.html]
